12, 10, 8, 6, 4, 2, 0
-1, -3, -5, -7, -9, -11, -13
0, 1, 4, 9, 16, 25, 36, 49, 64, 81
